g starting
f sending spam to g
g received spam
g returning None
f caught StopIteration()
g starting
f sending spam to g
g received spam
g returning 42
f caught StopIteration(42,)
