Starting g1
Yielded g1 ham
Starting g2
Yielded g2 spam
Caught LunchError in g2
Yielded g2 yet more spam
Yielded g1 eggs
Finishing g1
