StopIteration: 
value = None
StopIteration: spam
value = spam
StopIteration: spam
value = eggs
