Starting g1
g1 received 1
Starting g2
Yielded g2 spam
g2 received 2
Yielded g2 more spam
g2 received 3
Finishing g2
Yielded g1 eggs
g1 received 4
Finishing g1
