Starting g1
Yielded g1 ham
Starting g2
Yielded g2 spam
Finishing g2
Finishing g1
