Starting g1
Yielded g1 ham
Starting g2
Yielded g2 spam
Yielded g2 more spam
Finishing g2
Yielded g1 eggs
Finishing g1
