  8           0 LOAD_GLOBAL              0 (f) 
              3 LOAD_GLOBAL              1 (x) 
              6 YIELD_FROM           
              7 CALL_FUNCTION            1 
             10 POP_TOP              
             11 LOAD_CONST               0 (None) 
             14 RETURN_VALUE         
