Starting g1
Starting g2
Yielded 42
Finishing g2
Finishing g1
